,sequence_id,sequence,locus,stop_codon,vj_in_frame,v_frameshift,productive,rev_comp,complete_vdj,v_call,d_call,j_call,sequence_alignment,germline_alignment,sequence_alignment_aa,germline_alignment_aa,v_alignment_start,v_alignment_end,d_alignment_start,d_alignment_end,j_alignment_start,j_alignment_end,v_sequence_alignment,v_sequence_alignment_aa,v_germline_alignment,v_germline_alignment_aa,d_sequence_alignment,d_sequence_alignment_aa,d_germline_alignment,d_germline_alignment_aa,j_sequence_alignment,j_sequence_alignment_aa,j_germline_alignment,j_germline_alignment_aa,fwr1,fwr1_aa,cdr1,cdr1_aa,fwr2,fwr2_aa,cdr2,cdr2_aa,fwr3,fwr3_aa,fwr4,fwr4_aa,cdr3,cdr3_aa,junction,junction_length,junction_aa,junction_aa_length,v_score,d_score,j_score,v_cigar,d_cigar,j_cigar,v_support,d_support,j_support,v_identity,d_identity,j_identity,v_sequence_start,v_sequence_end,v_germline_start,v_germline_end,d_sequence_start,d_sequence_end,d_germline_start,d_germline_end,j_sequence_start,j_sequence_end,j_germline_start,j_germline_end,fwr1_start,fwr1_end,cdr1_start,cdr1_end,fwr2_start,fwr2_end,cdr2_start,cdr2_end,fwr3_start,fwr3_end,fwr4_start,fwr4_end,cdr3_start,cdr3_end,np1,np1_length,np2,np2_length
0,GU272046.1,CAGTCTGCCCTGACTCAGCCTGCCTCCGTGTCTGGGTCTCCTGGACAGTCGATCACCATCTCCTGCAATGGAACCAGCAATGATGTTGGTGGCTATGAATCTGTCTCCTGGTACCAACAACATCCCGGCAAAGCCCCCAAAGTCGTGATTTATGATGTCAGTAAACGGCCCTCAGGGGTTTCTAATCGCTTCTCTGGCTCCAAGTCCGGCAACACGGCCTCCCTGACCATCTCTGGGCTCCAGGCTGAGGACGAGGGTGACTATTACTGCAAGTCTCTGACAAGCACGAGACGTCGGGTTTTCGGCACTGGGACCAAGCTGACCGTTCTA,IGL,F,T,F,T,F,T,IGLV2-14*03,,IGLJ3*02,CAGTCTGCCCTGACTCAGCCTGCCTCCGTGTCTGGGTCTCCTGGACAGTCGATCACCATCTCCTGCAATGGAACCAGCAATGATGTTGGTGGCTATGAATCTGTCTCCTGGTACCAACAACATCCCGGCAAAGCCCCCAAAGTCGTGATTTATGATGTCAGTAAACGGCCCTCAGGGGTTTCTAATCGCTTCTCTGGCTCCAAGTCCGGCAACACGGCCTCCCTGACCATCTCTGGGCTCCAGGCTGAGGACGAGGGTGACTATTACTGCAAGTCTCTGACAAGCACGAGACGTCGGGTTTTCGGCACTGGGACCAAGCTGACCGTTCTA,CAGTCTGCCCTGACTCAGCCTGCCTCCGTGTCTGGGTCTCCTGGACAGTCGATCACCATCTCCTGCACTGGAACCAGCAGTGACGTTGGTGGTTATAACTATGTCTCCTGGTACCAACAACACCCAGGCAAAGCCCCCAAACTCATGATTTATGATGTCAGTAATCGGCCCTCAGGGGTTTCTAATCGCTTCTCTGGCTCCAAGTCTGGCAACACGGCCTCCCTGACCATCTCTGGGCTCCAGGCTGAGGACGAGGCTGATTATTACTGCAGCTCATATACAAGCANNNNNNNNNGGGTGTTCGGCGGAGGGACCAAGCTGACCGTCCTA,QSALTQPASVSGSPGQSITISCNGTSNDVGGYESVSWYQQHPGKAPKVVIYDVSKRPSGVSNRFSGSKSGNTASLTISGLQAEDEGDYYCKSLTSTRRRVFGTGTKLTVL,QSALTQPASVSGSPGQSITISCTGTSSDVGGYNYVSWYQQHPGKAPKLMIYDVSNRPSGVSNRFSGSKSGNTASLTISGLQAEDEADYYCSSYTSXXXXVFGGGTKLTVL,1,286,,,296,330,CAGTCTGCCCTGACTCAGCCTGCCTCCGTGTCTGGGTCTCCTGGACAGTCGATCACCATCTCCTGCAATGGAACCAGCAATGATGTTGGTGGCTATGAATCTGTCTCCTGGTACCAACAACATCCCGGCAAAGCCCCCAAAGTCGTGATTTATGATGTCAGTAAACGGCCCTCAGGGGTTTCTAATCGCTTCTCTGGCTCCAAGTCCGGCAACACGGCCTCCCTGACCATCTCTGGGCTCCAGGCTGAGGACGAGGGTGACTATTACTGCAAGTCTCTGACAAGCA,QSALTQPASVSGSPGQSITISCNGTSNDVGGYESVSWYQQHPGKAPKVVIYDVSKRPSGVSNRFSGSKSGNTASLTISGLQAEDEGDYYCKSLTS,CAGTCTGCCCTGACTCAGCCTGCCTCCGTGTCTGGGTCTCCTGGACAGTCGATCACCATCTCCTGCACTGGAACCAGCAGTGACGTTGGTGGTTATAACTATGTCTCCTGGTACCAACAACACCCAGGCAAAGCCCCCAAACTCATGATTTATGATGTCAGTAATCGGCCCTCAGGGGTTTCTAATCGCTTCTCTGGCTCCAAGTCTGGCAACACGGCCTCCCTGACCATCTCTGGGCTCCAGGCTGAGGACGAGGCTGATTATTACTGCAGCTCATATACAAGCA,QSALTQPASVSGSPGQSITISCTGTSSDVGGYNYVSWYQQHPGKAPKLMIYDVSNRPSGVSNRFSGSKSGNTASLTISGLQAEDEADYYCSSYTS,,,,,GGGTTTTCGGCACTGGGACCAAGCTGACCGTTCTA,VFGTGTKLTVL,GGGTGTTCGGCGGAGGGACCAAGCTGACCGTCCTA,VFGGGTKLTVL,CAGTCTGCCCTGACTCAGCCTGCCTCCGTGTCTGGGTCTCCTGGACAGTCGATCACCATCTCCTGCAATGGAACC,QSALTQPASVSGSPGQSITISCNGT,AGCAATGATGTTGGTGGCTATGAATCT,SNDVGGYES,GTCTCCTGGTACCAACAACATCCCGGCAAAGCCCCCAAAGTCGTGATTTAT,VSWYQQHPGKAPKVVIY,GATGTCAGT,DVS,AAACGGCCCTCAGGGGTTTCTAATCGCTTCTCTGGCTCCAAGTCCGGCAACACGGCCTCCCTGACCATCTCTGGGCTCCAGGCTGAGGACGAGGGTGACTATTACTGC,KRPSGVSNRFSGSKSGNTASLTISGLQAEDEGDYYC,TTCGGCACTGGGACCAAGCTGACCGTTCTA,FGTGTKLTVL,AAGTCTCTGACAAGCACGAGACGTCGGGTT,KSLTSTRRRV,TGCAAGTCTCTGACAAGCACGAGACGTCGGGTTTTC,36,CKSLTSTRRRVF,12,382.015,,39.141,286M44S11N,,295S2N35M1N,4.927999999999998e-108,,5.838e-07,92.65700000000001,,85.714,1,286,1,286,,,,,296,330,3,37,1,75,76,102,103,153,154,162,163,270,301,330,271,300,CGAGACGTC,9,,
