,sequence_id,sequence,locus,stop_codon,vj_in_frame,v_frameshift,productive,rev_comp,complete_vdj,v_call,d_call,j_call,sequence_alignment,germline_alignment,sequence_alignment_aa,germline_alignment_aa,v_alignment_start,v_alignment_end,d_alignment_start,d_alignment_end,j_alignment_start,j_alignment_end,v_sequence_alignment,v_sequence_alignment_aa,v_germline_alignment,v_germline_alignment_aa,d_sequence_alignment,d_sequence_alignment_aa,d_germline_alignment,d_germline_alignment_aa,j_sequence_alignment,j_sequence_alignment_aa,j_germline_alignment,j_germline_alignment_aa,fwr1,fwr1_aa,cdr1,cdr1_aa,fwr2,fwr2_aa,cdr2,cdr2_aa,fwr3,fwr3_aa,fwr4,fwr4_aa,cdr3,cdr3_aa,junction,junction_length,junction_aa,junction_aa_length,v_score,d_score,j_score,v_cigar,d_cigar,j_cigar,v_support,d_support,j_support,v_identity,d_identity,j_identity,v_sequence_start,v_sequence_end,v_germline_start,v_germline_end,d_sequence_start,d_sequence_end,d_germline_start,d_germline_end,j_sequence_start,j_sequence_end,j_germline_start,j_germline_end,fwr1_start,fwr1_end,cdr1_start,cdr1_end,fwr2_start,fwr2_end,cdr2_start,cdr2_end,fwr3_start,fwr3_end,fwr4_start,fwr4_end,cdr3_start,cdr3_end,np1,np1_length,np2,np2_length
0,GU272045.1,CAGCGATTAGTGGAGTCTGGGGGAGGCGTGGTCCAGCCTGGGTCGTCCCTGAGACTCTCCTGTGCAGCGTCCGGATTCGACTTCAGTAGACAAGGCATGCACTGGGTCCGCCAGGCTCCAGGCCAGGGGCTGGAGTGGGTGGCATTTATTAAATATGATGGAAGTGAGAAATATCATGCTGACTCCGTATGGGGCCGACTCAGCATCTCCAGAGACAATTCCAAGGATACGCTTTATCTCCAAATGAATAGCCTGAGAGTCGAGGACACGGCTACATATTTTTGTGTGAGAGAGGCTGGTGGGCCCGACTACCGTAATGGGTACAACTATTACGATTTCTATGATGGTTATTATAACTACCACTATATGGACGTCTGGGGCAAAGGGACCACGGTCACCGTCTCGAGC,IGH,F,T,F,T,F,F,IGHV3-33*05,IGHD3-3*01,IGHJ6*03,CAGCGATTAGTGGAGTCTGGGGGAGGCGTGGTCCAGCCTGGGTCGTCCCTGAGACTCTCCTGTGCAGCGTCCGGATTCGACTTCAGTAGACAAGGCATGCACTGGGTCCGCCAGGCTCCAGGCCAGGGGCTGGAGTGGGTGGCATTTATTAAATATGATGGAAGTGAGAAATATCATGCTGACTCCGTATGGGGCCGACTCAGCATCTCCAGAGACAATTCCAAGGATACGCTTTATCTCCAAATGAATAGCCTGAGAGTCGAGGACACGGCTACATATTTTTGTGTGAGAGAGGCTGGTGGGCCCGACTACCGTAATGGGTACAACTATTACGATTTCTATGATGGTTATTATAACTACCACTATATGGACGTCTGGGGCAAAGGGACCACGGTCACCGTCTCGAGC,GTGCAGCTGGTGGAGTCTGGGGGAGGCGTGGTCCAGCCTGGGAGGTCCCTGAGACTCTCCTGTGCAGCGTCTGGATTCACCTTCAGTAGCTATGGCATGCACTGGGTCCGCCAGGCTCCAGGCAAGGGGCTGGAGTGGGTGGCAGTTATATCATATGATGGAAGTAATAAATACTATGCAGACTCCGTGAAGGGCCGATTCACCATCTCCAGAGACAATTCCAAGAACACGCTGTATCTGCAAATGAACAGCCTGAGAGCCGAGGACACGGCTGTGTATTACTGTGCGAGAGANNNNNNNNNNNNNNNNNNNNNNNNNNNNNNNNNNTATTACGATTTTTGGAGTGGTTATTATAACTACTACTACATGGACGTCTGGGGCAAAGGGACCACGGTCACCGTCTCCTCA,QRLVESGGGVVQPGSSLRLSCAASGFDFSRQGMHWVRQAPGQGLEWVAFIKYDGSEKYHADSVWGRLSISRDNSKDTLYLQMNSLRVEDTATYFCVREAGGPDYRNGYNYYDFYDGYYNYHYMDVWGKGTTVTVSS,VQLVESGGGVVQPGRSLRLSCAASGFTFSSYGMHWVRQAPGKGLEWVAVISYDGSNKYYADSVKGRFTISRDNSKNTLYLQMNSLRAEDTAVYYCARXXXXXXXXXXXXYYDFWSGYYNYYYMDVWGKGTTVTVSS,1,293,328,355,356,408,CAGCGATTAGTGGAGTCTGGGGGAGGCGTGGTCCAGCCTGGGTCGTCCCTGAGACTCTCCTGTGCAGCGTCCGGATTCGACTTCAGTAGACAAGGCATGCACTGGGTCCGCCAGGCTCCAGGCCAGGGGCTGGAGTGGGTGGCATTTATTAAATATGATGGAAGTGAGAAATATCATGCTGACTCCGTATGGGGCCGACTCAGCATCTCCAGAGACAATTCCAAGGATACGCTTTATCTCCAAATGAATAGCCTGAGAGTCGAGGACACGGCTACATATTTTTGTGTGAGAGA,QRLVESGGGVVQPGSSLRLSCAASGFDFSRQGMHWVRQAPGQGLEWVAFIKYDGSEKYHADSVWGRLSISRDNSKDTLYLQMNSLRVEDTATYFCVR,GTGCAGCTGGTGGAGTCTGGGGGAGGCGTGGTCCAGCCTGGGAGGTCCCTGAGACTCTCCTGTGCAGCGTCTGGATTCACCTTCAGTAGCTATGGCATGCACTGGGTCCGCCAGGCTCCAGGCAAGGGGCTGGAGTGGGTGGCAGTTATATCATATGATGGAAGTAATAAATACTATGCAGACTCCGTGAAGGGCCGATTCACCATCTCCAGAGACAATTCCAAGAACACGCTGTATCTGCAAATGAACAGCCTGAGAGCCGAGGACACGGCTGTGTATTACTGTGCGAGAGA,VQLVESGGGVVQPGRSLRLSCAASGFTFSSYGMHWVRQAPGKGLEWVAVISYDGSNKYYADSVKGRFTISRDNSKNTLYLQMNSLRAEDTAVYYCAR,TATTACGATTTCTATGATGGTTATTATA,YYDFYDGYY,TATTACGATTTTTGGAGTGGTTATTATA,YYDFWSGYY,ACTACCACTATATGGACGTCTGGGGCAAAGGGACCACGGTCACCGTCTCGAGC,YHYMDVWGKGTTVTVSS,ACTACTACTACATGGACGTCTGGGGCAAAGGGACCACGGTCACCGTCTCCTCA,YYYMDVWGKGTTVTVSS,CAGCGATTAGTGGAGTCTGGGGGAGGCGTGGTCCAGCCTGGGTCGTCCCTGAGACTCTCCTGTGCAGCGTCC,QRLVESGGGVVQPGSSLRLSCAAS,GGATTCGACTTCAGTAGACAAGGC,GFDFSRQG,ATGCACTGGGTCCGCCAGGCTCCAGGCCAGGGGCTGGAGTGGGTGGCATTT,MHWVRQAPGQGLEWVAF,ATTAAATATGATGGAAGTGAGAAA,IKYDGSEK,TATCATGCTGACTCCGTATGGGGCCGACTCAGCATCTCCAGAGACAATTCCAAGGATACGCTTTATCTCCAAATGAATAGCCTGAGAGTCGAGGACACGGCTACATATTTTTGT,YHADSVWGRLSISRDNSKDTLYLQMNSLRVEDTATYFC,TGGGGCAAAGGGACCACGGTCACCGTCTCGAGC,WGKGTTVTVSS,GTGAGAGAGGCTGGTGGGCCCGACTACCGTAATGGGTACAACTATTACGATTTCTATGATGGTTATTATAACTACCACTATATGGACGTC,VREAGGPDYRNGYNYYDFYDGYYNYHYMDV,TGTGTGAGAGAGGCTGGTGGGCCCGACTACCGTAATGGGTACAACTATTACGATTTCTATGATGGTTATTATAACTACCACTATATGGACGTCTGG,96,CVREAGGPDYRNGYNYYDFYDGYYNYHYMDVW,32,335.272,25.682,83.363,3N293M115S,327S1N28M53S2N,355S9N53M,7.304999999999998e-94,0.004657,3.4279999999999997e-20,86.007,82.14299999999999,88.679,1,293,4,296,328,355,2,29,356,408,10,62,1,72,73,96,97,147,148,171,172,285,376,408,286,375,GGCTGGTGGGCCCGACTACCGTAATGGGTACAAC,34,,0
